mode: set
spotlight/backend/internal/connect/voting/eviction_handlers.go:54.52,56.15 2 0
spotlight/backend/internal/connect/voting/eviction_handlers.go:56.15,59.3 2 0
spotlight/backend/internal/connect/voting/eviction_handlers.go:64.2,67.47 3 0
spotlight/backend/internal/connect/voting/eviction_handlers.go:67.47,70.3 2 0
spotlight/backend/internal/connect/voting/eviction_handlers.go:73.2,73.33 1 0
spotlight/backend/internal/connect/voting/eviction_handlers.go:73.33,75.3 1 0
spotlight/backend/internal/connect/voting/eviction_handlers.go:76.2,76.31 1 0
spotlight/backend/internal/connect/voting/eviction_handlers.go:76.31,78.3 1 0
spotlight/backend/internal/connect/voting/eviction_handlers.go:80.2,81.16 2 0
spotlight/backend/internal/connect/voting/eviction_handlers.go:81.16,84.3 2 0
spotlight/backend/internal/connect/voting/eviction_handlers.go:86.2,89.4 1 0
spotlight/backend/internal/connect/voting/eviction_handlers.go:94.50,96.15 2 0
spotlight/backend/internal/connect/voting/eviction_handlers.go:96.15,99.3 2 0
spotlight/backend/internal/connect/voting/eviction_handlers.go:101.2,102.47 2 0
spotlight/backend/internal/connect/voting/eviction_handlers.go:102.47,105.3 2 0
spotlight/backend/internal/connect/voting/eviction_handlers.go:108.2,112.16 3 0
spotlight/backend/internal/connect/voting/eviction_handlers.go:112.16,115.3 2 0
spotlight/backend/internal/connect/voting/eviction_handlers.go:117.2,117.31 1 0
spotlight/backend/internal/connect/voting/eviction_handlers.go:122.53,124.15 2 0
spotlight/backend/internal/connect/voting/eviction_handlers.go:124.15,127.3 2 0
spotlight/backend/internal/connect/voting/eviction_handlers.go:129.2,130.47 2 0
spotlight/backend/internal/connect/voting/eviction_handlers.go:130.47,133.3 2 0
spotlight/backend/internal/connect/voting/eviction_handlers.go:135.2,135.30 1 0
spotlight/backend/internal/connect/voting/eviction_handlers.go:135.30,137.3 1 0
spotlight/backend/internal/connect/voting/eviction_handlers.go:139.2,140.16 2 0
spotlight/backend/internal/connect/voting/eviction_handlers.go:140.16,143.3 2 0
spotlight/backend/internal/connect/voting/eviction_handlers.go:145.2,145.31 1 0
spotlight/backend/internal/connect/voting/eviction_handlers.go:150.53,152.15 2 0
spotlight/backend/internal/connect/voting/eviction_handlers.go:152.15,155.3 2 0
spotlight/backend/internal/connect/voting/eviction_handlers.go:157.2,161.16 4 0
spotlight/backend/internal/connect/voting/eviction_handlers.go:161.16,164.3 2 0
spotlight/backend/internal/connect/voting/eviction_handlers.go:166.2,167.16 2 0
spotlight/backend/internal/connect/voting/eviction_handlers.go:167.16,170.3 2 0
spotlight/backend/internal/connect/voting/eviction_handlers.go:172.2,172.31 1 0
spotlight/backend/internal/connect/voting/eviction_handlers.go:177.57,182.16 4 0
spotlight/backend/internal/connect/voting/eviction_handlers.go:182.16,185.3 2 0
spotlight/backend/internal/connect/voting/eviction_handlers.go:187.2,188.16 2 0
spotlight/backend/internal/connect/voting/eviction_handlers.go:188.16,191.3 2 0
spotlight/backend/internal/connect/voting/eviction_handlers.go:193.2,193.51 1 0
spotlight/backend/internal/connect/voting/eviction_handlers.go:198.48,203.16 4 0
spotlight/backend/internal/connect/voting/eviction_handlers.go:203.16,206.3 2 0
spotlight/backend/internal/connect/voting/eviction_handlers.go:208.2,208.49 1 0
spotlight/backend/internal/connect/voting/eviction_handlers.go:213.45,215.15 2 0
spotlight/backend/internal/connect/voting/eviction_handlers.go:215.15,218.3 2 0
spotlight/backend/internal/connect/voting/eviction_handlers.go:222.2,227.47 2 0
spotlight/backend/internal/connect/voting/eviction_handlers.go:227.47,230.3 2 0
spotlight/backend/internal/connect/voting/eviction_handlers.go:232.2,232.27 1 0
spotlight/backend/internal/connect/voting/eviction_handlers.go:232.27,234.3 1 0
spotlight/backend/internal/connect/voting/eviction_handlers.go:236.2,237.16 2 0
spotlight/backend/internal/connect/voting/eviction_handlers.go:237.16,240.3 2 0
spotlight/backend/internal/connect/voting/eviction_handlers.go:242.2,242.49 1 0
spotlight/backend/internal/connect/voting/eviction_repo.go:10.177,17.16 3 0
spotlight/backend/internal/connect/voting/eviction_repo.go:17.16,19.3 1 0
spotlight/backend/internal/connect/voting/eviction_repo.go:20.2,23.18 3 0
spotlight/backend/internal/connect/voting/eviction_repo.go:23.18,25.110 2 0
spotlight/backend/internal/connect/voting/eviction_repo.go:25.110,27.4 1 0
spotlight/backend/internal/connect/voting/eviction_repo.go:28.3,30.34 3 0
spotlight/backend/internal/connect/voting/eviction_repo.go:33.2,33.28 1 0
spotlight/backend/internal/connect/voting/eviction_repo.go:37.127,51.16 5 0
spotlight/backend/internal/connect/voting/eviction_repo.go:51.16,53.3 1 0
spotlight/backend/internal/connect/voting/eviction_repo.go:55.2,55.25 1 0
spotlight/backend/internal/connect/voting/eviction_repo.go:55.25,57.3 1 0
spotlight/backend/internal/connect/voting/eviction_repo.go:59.2,59.19 1 0
spotlight/backend/internal/connect/voting/eviction_repo.go:63.140,78.16 6 0
spotlight/backend/internal/connect/voting/eviction_repo.go:78.16,80.3 1 0
spotlight/backend/internal/connect/voting/eviction_repo.go:82.2,85.8 1 0
spotlight/backend/internal/connect/voting/eviction_repo.go:89.119,101.16 4 0
spotlight/backend/internal/connect/voting/eviction_repo.go:101.16,103.3 1 0
spotlight/backend/internal/connect/voting/eviction_repo.go:105.2,108.8 1 0
spotlight/backend/internal/connect/voting/eviction_repo.go:112.127,141.16 3 0
spotlight/backend/internal/connect/voting/eviction_repo.go:141.16,143.3 1 0
spotlight/backend/internal/connect/voting/eviction_repo.go:144.2,147.18 3 0
spotlight/backend/internal/connect/voting/eviction_repo.go:147.18,161.17 4 0
spotlight/backend/internal/connect/voting/eviction_repo.go:161.17,163.4 1 0
spotlight/backend/internal/connect/voting/eviction_repo.go:165.3,167.39 3 0
spotlight/backend/internal/connect/voting/eviction_repo.go:170.2,170.32 1 0
spotlight/backend/internal/connect/voting/eviction_repo.go:174.115,178.20 3 0
spotlight/backend/internal/connect/voting/eviction_repo.go:178.20,199.3 2 0
spotlight/backend/internal/connect/voting/eviction_repo.go:199.8,220.3 2 0
spotlight/backend/internal/connect/voting/eviction_repo.go:222.2,223.16 2 0
spotlight/backend/internal/connect/voting/eviction_repo.go:223.16,225.3 1 0
spotlight/backend/internal/connect/voting/eviction_repo.go:226.2,229.18 3 0
spotlight/backend/internal/connect/voting/eviction_repo.go:229.18,242.17 2 0
spotlight/backend/internal/connect/voting/eviction_repo.go:242.17,244.4 1 0
spotlight/backend/internal/connect/voting/eviction_repo.go:245.3,245.35 1 0
spotlight/backend/internal/connect/voting/eviction_repo.go:248.2,248.30 1 0
spotlight/backend/internal/connect/voting/eviction_repo.go:252.127,273.16 4 0
spotlight/backend/internal/connect/voting/eviction_repo.go:273.16,275.3 1 0
spotlight/backend/internal/connect/voting/eviction_repo.go:277.2,277.18 1 0
spotlight/backend/internal/connect/voting/eviction_service.go:10.140,13.16 2 0
spotlight/backend/internal/connect/voting/eviction_service.go:13.16,15.3 1 0
spotlight/backend/internal/connect/voting/eviction_service.go:18.2,18.20 1 0
spotlight/backend/internal/connect/voting/eviction_service.go:18.20,25.3 1 0
spotlight/backend/internal/connect/voting/eviction_service.go:27.2,27.21 1 0
spotlight/backend/internal/connect/voting/eviction_service.go:32.124,34.16 2 0
spotlight/backend/internal/connect/voting/eviction_service.go:34.16,36.3 1 0
spotlight/backend/internal/connect/voting/eviction_service.go:39.2,39.20 1 0
spotlight/backend/internal/connect/voting/eviction_service.go:39.20,44.3 1 0
spotlight/backend/internal/connect/voting/eviction_service.go:46.2,46.20 1 0
spotlight/backend/internal/connect/voting/eviction_service.go:50.137,52.16 2 0
spotlight/backend/internal/connect/voting/eviction_service.go:52.16,54.3 1 0
spotlight/backend/internal/connect/voting/eviction_service.go:57.2,57.20 1 0
spotlight/backend/internal/connect/voting/eviction_service.go:57.20,61.3 1 0
spotlight/backend/internal/connect/voting/eviction_service.go:63.2,63.20 1 0
spotlight/backend/internal/connect/voting/eviction_service.go:67.116,69.16 2 0
spotlight/backend/internal/connect/voting/eviction_service.go:69.16,71.3 1 0
spotlight/backend/internal/connect/voting/eviction_service.go:74.2,74.20 1 0
spotlight/backend/internal/connect/voting/eviction_service.go:74.20,78.3 1 0
spotlight/backend/internal/connect/voting/eviction_service.go:80.2,80.20 1 0
spotlight/backend/internal/connect/voting/eviction_service.go:95.124,97.16 2 0
spotlight/backend/internal/connect/voting/eviction_service.go:97.16,99.3 1 0
spotlight/backend/internal/connect/voting/eviction_service.go:101.2,101.25 1 0
spotlight/backend/internal/connect/voting/eviction_service.go:119.112,121.16 2 0
spotlight/backend/internal/connect/voting/eviction_service.go:121.16,123.3 1 0
spotlight/backend/internal/connect/voting/eviction_service.go:125.2,125.23 1 0
spotlight/backend/internal/connect/voting/eviction_service.go:129.124,132.16 2 0
spotlight/backend/internal/connect/voting/eviction_service.go:132.16,134.3 1 0
spotlight/backend/internal/connect/voting/eviction_service.go:137.2,138.16 2 0
spotlight/backend/internal/connect/voting/eviction_service.go:138.16,140.3 1 0
spotlight/backend/internal/connect/voting/eviction_service.go:143.2,143.20 1 0
spotlight/backend/internal/connect/voting/eviction_service.go:143.20,148.3 1 0
spotlight/backend/internal/connect/voting/eviction_service.go:150.2,150.18 1 0
spotlight/backend/internal/connect/voting/handlers.go:18.40,18.69 1 1
spotlight/backend/internal/connect/voting/handlers.go:20.37,20.70 1 0
spotlight/backend/internal/connect/voting/handlers.go:21.37,21.78 1 0
spotlight/backend/internal/connect/voting/handlers.go:23.42,24.9 1 0
spotlight/backend/internal/connect/voting/handlers.go:25.38,26.83 1 0
spotlight/backend/internal/connect/voting/handlers.go:27.35,28.67 1 0
spotlight/backend/internal/connect/voting/handlers.go:30.72,31.61 1 0
spotlight/backend/internal/connect/voting/handlers.go:32.39,33.59 1 0
spotlight/backend/internal/connect/voting/handlers.go:34.35,35.66 1 0
spotlight/backend/internal/connect/voting/handlers.go:36.10,38.10 2 0
spotlight/backend/internal/connect/voting/handlers.go:39.52,40.85 1 0
spotlight/backend/internal/connect/voting/handlers.go:41.43,42.68 1 0
spotlight/backend/internal/connect/voting/handlers.go:43.74,44.78 1 0
spotlight/backend/internal/connect/voting/handlers.go:45.11,46.73 1 0
spotlight/backend/internal/connect/voting/handlers.go:52.48,54.36 2 0
spotlight/backend/internal/connect/voting/handlers.go:54.36,56.3 1 0
spotlight/backend/internal/connect/voting/handlers.go:57.2,58.16 2 0
spotlight/backend/internal/connect/voting/handlers.go:58.16,61.3 2 0
spotlight/backend/internal/connect/voting/handlers.go:62.2,62.43 1 0
spotlight/backend/internal/connect/voting/handlers.go:66.46,68.16 2 0
spotlight/backend/internal/connect/voting/handlers.go:68.16,71.3 2 0
spotlight/backend/internal/connect/voting/handlers.go:72.2,72.43 1 0
spotlight/backend/internal/connect/voting/handlers.go:76.44,78.15 2 0
spotlight/backend/internal/connect/voting/handlers.go:78.15,81.3 2 0
spotlight/backend/internal/connect/voting/handlers.go:82.2,83.47 2 0
spotlight/backend/internal/connect/voting/handlers.go:83.47,86.3 2 0
spotlight/backend/internal/connect/voting/handlers.go:87.2,88.16 2 0
spotlight/backend/internal/connect/voting/handlers.go:88.16,91.3 2 0
spotlight/backend/internal/connect/voting/handlers.go:92.2,92.46 1 0
spotlight/backend/internal/connect/voting/handlers.go:96.44,98.15 2 0
spotlight/backend/internal/connect/voting/handlers.go:98.15,101.3 2 0
spotlight/backend/internal/connect/voting/handlers.go:102.2,103.47 2 0
spotlight/backend/internal/connect/voting/handlers.go:103.47,106.3 2 0
spotlight/backend/internal/connect/voting/handlers.go:107.2,108.16 2 0
spotlight/backend/internal/connect/voting/handlers.go:108.16,111.3 2 0
spotlight/backend/internal/connect/voting/handlers.go:112.2,112.46 1 0
spotlight/backend/internal/connect/voting/handlers.go:116.43,118.16 2 0
spotlight/backend/internal/connect/voting/handlers.go:118.16,121.3 2 0
spotlight/backend/internal/connect/voting/handlers.go:122.2,122.43 1 0
spotlight/backend/internal/connect/voting/handlers.go:126.45,128.16 2 0
spotlight/backend/internal/connect/voting/handlers.go:128.16,131.3 2 0
spotlight/backend/internal/connect/voting/handlers.go:132.2,132.46 1 0
spotlight/backend/internal/connect/voting/handlers.go:140.68,151.45 8 1
spotlight/backend/internal/connect/voting/handlers.go:151.45,154.3 2 0
spotlight/backend/internal/connect/voting/handlers.go:156.2,162.54 7 1
spotlight/backend/internal/connect/voting/handlers.go:169.95,170.45 1 1
spotlight/backend/internal/connect/voting/handlers.go:170.45,173.3 2 0
spotlight/backend/internal/connect/voting/handlers.go:175.2,203.27 9 1
spotlight/backend/internal/connect/voting/repo.go:19.50,19.80 1 0
spotlight/backend/internal/connect/voting/repo.go:25.86,26.31 1 0
spotlight/backend/internal/connect/voting/repo.go:26.31,28.3 1 0
spotlight/backend/internal/connect/voting/repo.go:29.2,32.16 3 0
spotlight/backend/internal/connect/voting/repo.go:32.16,34.3 1 0
spotlight/backend/internal/connect/voting/repo.go:35.2,37.18 3 0
spotlight/backend/internal/connect/voting/repo.go:37.18,39.17 2 0
spotlight/backend/internal/connect/voting/repo.go:39.17,41.4 1 0
spotlight/backend/internal/connect/voting/repo.go:42.3,42.24 1 0
spotlight/backend/internal/connect/voting/repo.go:44.2,44.24 1 0
spotlight/backend/internal/connect/voting/repo.go:48.83,51.2 2 0
spotlight/backend/internal/connect/voting/repo.go:58.50,63.16 2 0
spotlight/backend/internal/connect/voting/repo.go:63.16,65.3 1 0
spotlight/backend/internal/connect/voting/repo.go:66.2,66.15 1 0
spotlight/backend/internal/connect/voting/repo.go:70.98,76.2 4 0
spotlight/backend/internal/connect/voting/repo.go:80.117,86.2 4 0
spotlight/backend/internal/connect/voting/repo.go:89.78,100.16 3 0
spotlight/backend/internal/connect/voting/repo.go:100.16,102.3 1 0
spotlight/backend/internal/connect/voting/repo.go:103.2,103.17 1 0
spotlight/backend/internal/connect/voting/repo.go:107.90,116.16 3 0
spotlight/backend/internal/connect/voting/repo.go:116.16,118.3 1 0
spotlight/backend/internal/connect/voting/repo.go:119.2,121.18 3 0
spotlight/backend/internal/connect/voting/repo.go:121.18,123.80 2 0
spotlight/backend/internal/connect/voting/repo.go:123.80,125.4 1 0
spotlight/backend/internal/connect/voting/repo.go:126.3,127.24 2 0
spotlight/backend/internal/connect/voting/repo.go:129.2,129.24 1 0
spotlight/backend/internal/connect/voting/repo.go:149.95,157.16 3 0
spotlight/backend/internal/connect/voting/repo.go:157.16,159.3 1 0
spotlight/backend/internal/connect/voting/repo.go:160.2,163.18 3 0
spotlight/backend/internal/connect/voting/repo.go:163.18,170.17 2 0
spotlight/backend/internal/connect/voting/repo.go:170.17,172.4 1 0
spotlight/backend/internal/connect/voting/repo.go:173.3,173.33 1 0
spotlight/backend/internal/connect/voting/repo.go:175.2,175.27 1 0
spotlight/backend/internal/connect/voting/service.go:78.147,80.2 1 0
spotlight/backend/internal/connect/voting/service.go:84.64,84.85 1 0
spotlight/backend/internal/connect/voting/service.go:93.36,94.43 1 0
spotlight/backend/internal/connect/voting/service.go:94.43,96.3 1 0
spotlight/backend/internal/connect/voting/service.go:97.2,98.63 1 0
spotlight/backend/internal/connect/voting/service.go:98.63,100.3 1 0
spotlight/backend/internal/connect/voting/service.go:104.83,106.2 1 0
spotlight/backend/internal/connect/voting/service.go:109.80,111.16 2 0
spotlight/backend/internal/connect/voting/service.go:111.16,113.3 1 0
spotlight/backend/internal/connect/voting/service.go:114.2,114.15 1 0
spotlight/backend/internal/connect/voting/service.go:118.87,120.2 1 0
spotlight/backend/internal/connect/voting/service.go:123.92,125.2 1 0
spotlight/backend/internal/connect/voting/service.go:128.49,129.24 1 0
spotlight/backend/internal/connect/voting/service.go:129.24,131.3 1 0
spotlight/backend/internal/connect/voting/service.go:132.2,132.48 1 0
spotlight/backend/internal/connect/voting/service.go:132.48,134.3 1 0
spotlight/backend/internal/connect/voting/service.go:135.2,135.49 1 0
spotlight/backend/internal/connect/voting/service.go:135.49,137.3 1 0
spotlight/backend/internal/connect/voting/service.go:138.2,138.13 1 0
spotlight/backend/internal/connect/voting/service.go:142.105,143.30 1 0
spotlight/backend/internal/connect/voting/service.go:143.30,145.3 1 0
spotlight/backend/internal/connect/voting/service.go:146.2,147.16 2 0
spotlight/backend/internal/connect/voting/service.go:147.16,150.3 1 0
spotlight/backend/internal/connect/voting/service.go:151.2,151.35 1 0
spotlight/backend/internal/connect/voting/service.go:151.35,153.3 1 0
spotlight/backend/internal/connect/voting/service.go:154.2,154.12 1 0
spotlight/backend/internal/connect/voting/service.go:160.112,162.16 2 0
spotlight/backend/internal/connect/voting/service.go:162.16,164.3 1 0
spotlight/backend/internal/connect/voting/service.go:165.2,166.25 2 0
spotlight/backend/internal/connect/voting/service.go:166.25,168.3 1 0
spotlight/backend/internal/connect/voting/service.go:170.2,171.20 2 0
spotlight/backend/internal/connect/voting/service.go:171.20,173.3 1 0
spotlight/backend/internal/connect/voting/service.go:174.2,175.16 2 0
spotlight/backend/internal/connect/voting/service.go:175.16,177.3 1 0
spotlight/backend/internal/connect/voting/service.go:178.2,178.23 1 0
spotlight/backend/internal/connect/voting/service.go:178.23,180.3 1 0
spotlight/backend/internal/connect/voting/service.go:181.2,181.64 1 0
spotlight/backend/internal/connect/voting/service.go:181.64,183.3 1 0
spotlight/backend/internal/connect/voting/service.go:185.2,193.16 2 0
spotlight/backend/internal/connect/voting/service.go:193.16,195.3 1 0
spotlight/backend/internal/connect/voting/service.go:196.2,199.15 2 0
spotlight/backend/internal/connect/voting/service.go:214.121,215.19 1 0
spotlight/backend/internal/connect/voting/service.go:215.19,217.3 1 0
spotlight/backend/internal/connect/voting/service.go:218.2,219.16 2 0
spotlight/backend/internal/connect/voting/service.go:219.16,221.3 1 0
spotlight/backend/internal/connect/voting/service.go:222.2,223.25 2 0
spotlight/backend/internal/connect/voting/service.go:223.25,225.3 1 0
spotlight/backend/internal/connect/voting/service.go:226.2,226.25 1 0
spotlight/backend/internal/connect/voting/service.go:226.25,228.3 1 0
spotlight/backend/internal/connect/voting/service.go:230.2,231.14 2 0
spotlight/backend/internal/connect/voting/service.go:231.14,233.3 1 0
spotlight/backend/internal/connect/voting/service.go:234.2,234.13 1 0
spotlight/backend/internal/connect/voting/service.go:234.13,236.3 1 0
spotlight/backend/internal/connect/voting/service.go:237.2,238.20 2 0
spotlight/backend/internal/connect/voting/service.go:238.20,240.3 1 0
spotlight/backend/internal/connect/voting/service.go:242.2,242.64 1 0
spotlight/backend/internal/connect/voting/service.go:242.64,244.3 1 0
spotlight/backend/internal/connect/voting/service.go:246.2,247.16 2 0
spotlight/backend/internal/connect/voting/service.go:247.16,249.3 1 0
spotlight/backend/internal/connect/voting/service.go:250.2,252.86 2 0
spotlight/backend/internal/connect/voting/service.go:252.86,254.3 1 0
spotlight/backend/internal/connect/voting/service.go:256.2,266.16 2 0
spotlight/backend/internal/connect/voting/service.go:266.16,269.3 1 0
spotlight/backend/internal/connect/voting/service.go:271.2,275.27 2 0
spotlight/backend/internal/connect/voting/service.go:275.27,277.3 1 0
spotlight/backend/internal/connect/voting/service.go:287.2,288.15 2 0
